kotlin version: 2.0.21
error message: org.jetbrains.kotlin.backend.common.BackendException: Backend Internal error: Exception during IR lowering
File being compiled: /data/data/com.termux/files/home/FADI-VPN/app/src/main/java/com/fadixd/fadivpn/MainActivity.kt
The root cause java.lang.RuntimeException was thrown at: org.jetbrains.kotlin.backend.jvm.codegen.FunctionCodegen.generate(FunctionCodegen.kt:47)
	at org.jetbrains.kotlin.backend.common.CodegenUtil.reportBackendException(CodegenUtil.kt:253)
	at org.jetbrains.kotlin.backend.common.CodegenUtil.reportBackendException$default(CodegenUtil.kt:236)
	at org.jetbrains.kotlin.backend.common.phaser.PerformByIrFilePhase.invokeSequential(performByIrFile.kt:65)
	at org.jetbrains.kotlin.backend.common.phaser.PerformByIrFilePhase.invoke(performByIrFile.kt:52)
	at org.jetbrains.kotlin.backend.common.phaser.PerformByIrFilePhase.invoke(performByIrFile.kt:38)
	at org.jetbrains.kotlin.backend.common.phaser.NamedCompilerPhase.phaseBody(CompilerPhase.kt:166)
	at org.jetbrains.kotlin.backend.common.phaser.AbstractNamedCompilerPhase.invoke(CompilerPhase.kt:113)
	at org.jetbrains.kotlin.backend.common.phaser.CompositePhase.invoke(PhaseBuilders.kt:27)
	at org.jetbrains.kotlin.backend.common.phaser.CompositePhase.invoke(PhaseBuilders.kt:14)
	at org.jetbrains.kotlin.backend.common.phaser.NamedCompilerPhase.phaseBody(CompilerPhase.kt:166)
	at org.jetbrains.kotlin.backend.common.phaser.AbstractNamedCompilerPhase.invoke(CompilerPhase.kt:113)
	at org.jetbrains.kotlin.backend.common.phaser.CompilerPhaseKt.invokeToplevel(CompilerPhase.kt:62)
	at org.jetbrains.kotlin.backend.jvm.JvmIrCodegenFactory.invokeCodegen(JvmIrCodegenFactory.kt:371)
	at org.jetbrains.kotlin.codegen.CodegenFactory.generateModule(CodegenFactory.kt:47)
	at org.jetbrains.kotlin.backend.jvm.JvmIrCodegenFactory.generateModuleInFrontendIRMode(JvmIrCodegenFactory.kt:433)
	at org.jetbrains.kotlin.cli.jvm.compiler.pipeline.JvmCompilerPipelineKt.generateCodeFromIr(jvmCompilerPipeline.kt:246)
	at org.jetbrains.kotlin.cli.jvm.compiler.pipeline.JvmCompilerPipelineKt.compileModulesUsingFrontendIrAndLightTree(jvmCompilerPipeline.kt:142)
	at org.jetbrains.kotlin.cli.jvm.K2JVMCompiler.doExecute(K2JVMCompiler.kt:148)
	at org.jetbrains.kotlin.cli.jvm.K2JVMCompiler.doExecute(K2JVMCompiler.kt:43)
	at org.jetbrains.kotlin.cli.common.CLICompiler.execImpl(CLICompiler.kt:103)
	at org.jetbrains.kotlin.cli.common.CLICompiler.execImpl(CLICompiler.kt:49)
	at org.jetbrains.kotlin.cli.common.CLITool.exec(CLITool.kt:101)
	at org.jetbrains.kotlin.incremental.IncrementalJvmCompilerRunner.runCompiler(IncrementalJvmCompilerRunner.kt:464)
	at org.jetbrains.kotlin.incremental.IncrementalJvmCompilerRunner.runCompiler(IncrementalJvmCompilerRunner.kt:73)
	at org.jetbrains.kotlin.incremental.IncrementalCompilerRunner.doCompile(IncrementalCompilerRunner.kt:506)
	at org.jetbrains.kotlin.incremental.IncrementalCompilerRunner.compileImpl(IncrementalCompilerRunner.kt:423)
	at org.jetbrains.kotlin.incremental.IncrementalCompilerRunner.compileNonIncrementally(IncrementalCompilerRunner.kt:301)
	at org.jetbrains.kotlin.incremental.IncrementalCompilerRunner.compile(IncrementalCompilerRunner.kt:129)
	at org.jetbrains.kotlin.daemon.CompileServiceImplBase.execIncrementalCompiler(CompileServiceImpl.kt:675)
	at org.jetbrains.kotlin.daemon.CompileServiceImplBase.access$execIncrementalCompiler(CompileServiceImpl.kt:92)
	at org.jetbrains.kotlin.daemon.CompileServiceImpl.compile(CompileServiceImpl.kt:1660)
	at java.base/jdk.internal.reflect.DirectMethodHandleAccessor.invoke(DirectMethodHandleAccessor.java:103)
	at java.base/java.lang.reflect.Method.invoke(Method.java:580)
	at java.rmi/sun.rmi.server.UnicastServerRef.dispatch(UnicastServerRef.java:360)
	at java.rmi/sun.rmi.transport.Transport$1.run(Transport.java:200)
	at java.rmi/sun.rmi.transport.Transport$1.run(Transport.java:197)
	at java.base/java.security.AccessController.doPrivileged(AccessController.java:714)
	at java.rmi/sun.rmi.transport.Transport.serviceCall(Transport.java:196)
	at java.rmi/sun.rmi.transport.tcp.TCPTransport.handleMessages(TCPTransport.java:598)
	at java.rmi/sun.rmi.transport.tcp.TCPTransport$ConnectionHandler.run0(TCPTransport.java:844)
	at java.rmi/sun.rmi.transport.tcp.TCPTransport$ConnectionHandler.lambda$run$0(TCPTransport.java:721)
	at java.base/java.security.AccessController.doPrivileged(AccessController.java:400)
	at java.rmi/sun.rmi.transport.tcp.TCPTransport$ConnectionHandler.run(TCPTransport.java:720)
	at java.base/java.util.concurrent.ThreadPoolExecutor.runWorker(ThreadPoolExecutor.java:1144)
	at java.base/java.util.concurrent.ThreadPoolExecutor$Worker.run(ThreadPoolExecutor.java:642)
	at java.base/java.lang.Thread.run(Thread.java:1583)
Caused by: java.lang.RuntimeException: Exception while generating code for:
FUN name:FadiVpnApp visibility:public modality:FINAL <> () returnType:kotlin.Unit
  annotations:
    Composable
  BLOCK_BODY
    VAR PROPERTY_DELEGATE name:connected$delegate type:androidx.compose.runtime.MutableState<kotlin.Boolean> [val]
      CALL 'public final fun remember <T> (calculation: @[DisallowComposableCalls] kotlin.Function0<T of androidx.compose.runtime.ComposablesKt.remember>): T of androidx.compose.runtime.ComposablesKt.remember [inline] declared in androidx.compose.runtime.ComposablesKt' type=androidx.compose.runtime.MutableState<kotlin.Boolean> origin=null
        <T>: androidx.compose.runtime.MutableState<kotlin.Boolean>
        calculation: BLOCK type=kotlin.Function0<androidx.compose.runtime.MutableState<kotlin.Boolean>> origin=LAMBDA
          COMPOSITE type=kotlin.Unit origin=null
          FUNCTION_REFERENCE 'private final fun FadiVpnApp$lambda$0 (): androidx.compose.runtime.MutableState<kotlin.Boolean> declared in com.fadixd.fadivpn.MainActivityKt' type=kotlin.Function0<androidx.compose.runtime.MutableState<kotlin.Boolean>> origin=INLINE_LAMBDA reflectionTarget=null
    VAR PROPERTY_DELEGATE name:settings$delegate type:androidx.compose.runtime.MutableState<kotlin.Boolean> [val]
      CALL 'public final fun remember <T> (calculation: @[DisallowComposableCalls] kotlin.Function0<T of androidx.compose.runtime.ComposablesKt.remember>): T of androidx.compose.runtime.ComposablesKt.remember [inline] declared in androidx.compose.runtime.ComposablesKt' type=androidx.compose.runtime.MutableState<kotlin.Boolean> origin=null
        <T>: androidx.compose.runtime.MutableState<kotlin.Boolean>
        calculation: BLOCK type=kotlin.Function0<androidx.compose.runtime.MutableState<kotlin.Boolean>> origin=LAMBDA
          COMPOSITE type=kotlin.Unit origin=null
          FUNCTION_REFERENCE 'private final fun FadiVpnApp$lambda$3 (): androidx.compose.runtime.MutableState<kotlin.Boolean> declared in com.fadixd.fadivpn.MainActivityKt' type=kotlin.Function0<androidx.compose.runtime.MutableState<kotlin.Boolean>> origin=INLINE_LAMBDA reflectionTarget=null
    VAR PROPERTY_DELEGATE name:seconds$delegate type:androidx.compose.runtime.MutableLongState [val]
      CALL 'public final fun remember <T> (calculation: @[DisallowComposableCalls] kotlin.Function0<T of androidx.compose.runtime.ComposablesKt.remember>): T of androidx.compose.runtime.ComposablesKt.remember [inline] declared in androidx.compose.runtime.ComposablesKt' type=androidx.compose.runtime.MutableLongState origin=null
        <T>: androidx.compose.runtime.MutableLongState
        calculation: BLOCK type=kotlin.Function0<androidx.compose.runtime.MutableLongState> origin=LAMBDA
          COMPOSITE type=kotlin.Unit origin=null
          FUNCTION_REFERENCE 'private final fun FadiVpnApp$lambda$6 (): androidx.compose.runtime.MutableLongState declared in com.fadixd.fadivpn.MainActivityKt' type=kotlin.Function0<androidx.compose.runtime.MutableLongState> origin=INLINE_LAMBDA reflectionTarget=null
    CALL 'public final fun LaunchedEffect (key1: kotlin.Any?, block: @[ExtensionFunctionType] kotlin.coroutines.SuspendFunction1<kotlinx.coroutines.CoroutineScope, kotlin.Unit>): kotlin.Unit declared in androidx.compose.runtime.EffectsKt' type=kotlin.Unit origin=null
      key1: CALL 'private final fun FadiVpnApp$lambda$1 ($connected$delegate: androidx.compose.runtime.MutableState<kotlin.Boolean>): kotlin.Boolean declared in com.fadixd.fadivpn.MainActivityKt' type=kotlin.Boolean origin=GET_LOCAL_PROPERTY
        $connected$delegate: GET_VAR 'val connected$delegate: androidx.compose.runtime.MutableState<kotlin.Boolean> [val] declared in com.fadixd.fadivpn.MainActivityKt.FadiVpnApp' type=androidx.compose.runtime.MutableState<kotlin.Boolean> origin=null
      block: BLOCK type=com.fadixd.fadivpn.MainActivityKt.FadiVpnApp.<no name provided> origin=null
        CLASS SUSPEND_LAMBDA CLASS name:<no name provided> modality:FINAL visibility:public/*package*/ superTypes:[kotlin.coroutines.jvm.internal.SuspendLambda; kotlin.jvm.functions.Function2<kotlinx.coroutines.CoroutineScope, kotlin.coroutines.Continuation<kotlin.Unit>?, kotlin.Any?>]
          $this: VALUE_PARAMETER INSTANCE_RECEIVER name:<this> type:com.fadixd.fadivpn.MainActivityKt.FadiVpnApp.<no name provided>
          FIELD name:label type:kotlin.Int visibility:public/*package*/
          CONSTRUCTOR SUSPEND_LAMBDA visibility:public/*package*/ <> ($connected$delegate:androidx.compose.runtime.MutableState<kotlin.Boolean>, $seconds$delegate:androidx.compose.runtime.MutableLongState, $completion:kotlin.coroutines.Continuation<com.fadixd.fadivpn.MainActivityKt.FadiVpnApp.<no name provided>>?) returnType:com.fadixd.fadivpn.MainActivityKt.FadiVpnApp.<no name provided> [primary]
            VALUE_PARAMETER BOUND_VALUE_PARAMETER name:$connected$delegate index:0 type:androidx.compose.runtime.MutableState<kotlin.Boolean>
            VALUE_PARAMETER BOUND_VALUE_PARAMETER name:$seconds$delegate index:1 type:androidx.compose.runtime.MutableLongState
            VALUE_PARAMETER name:$completion index:2 type:kotlin.coroutines.Continuation<com.fadixd.fadivpn.MainActivityKt.FadiVpnApp.<no name provided>>?
            BLOCK_BODY
              SET_FIELD 'FIELD FIELD_FOR_CAPTURED_VALUE name:$connected$delegate type:androidx.compose.runtime.MutableState<kotlin.Boolean> visibility:public/*package*/ [final] declared in com.fadixd.fadivpn.MainActivityKt.FadiVpnApp.<no name provided>' type=kotlin.Unit origin=INITIALIZER_OF_FIELD_FOR_CAPTURED_VALUE
                receiver: GET_VAR '<this>: com.fadixd.fadivpn.MainActivityKt.FadiVpnApp.<no name provided> declared in com.fadixd.fadivpn.MainActivityKt.FadiVpnApp.<no name provided>' type=com.fadixd.fadivpn.MainActivityKt.FadiVpnApp.<no name provided> origin=null
                value: GET_VAR '$connected$delegate: androidx.compose.runtime.MutableState<kotlin.Boolean> declared in com.fadixd.fadivpn.MainActivityKt.FadiVpnApp.<no name provided>.<init>' type=androidx.compose.runtime.MutableState<kotlin.Boolean> origin=null
              SET_FIELD 'FIELD FIELD_FOR_CAPTURED_VALUE name:$seconds$delegate type:androidx.compose.runtime.MutableLongState visibility:public/*package*/ [final] declared in com.fadixd.fadivpn.MainActivityKt.FadiVpnApp.<no name provided>' type=kotlin.Unit origin=INITIALIZER_OF_FIELD_FOR_CAPTURED_VALUE
                receiver: GET_VAR '<this>: com.fadixd.fadivpn.MainActivityKt.FadiVpnApp.<no name provided> declared in com.fadixd.fadivpn.MainActivityKt.FadiVpnApp.<no name provided>' type=com.fadixd.fadivpn.MainActivityKt.FadiVpnApp.<no name provided> origin=null
                value: GET_VAR '$seconds$delegate: androidx.compose.runtime.MutableLongState declared in com.fadixd.fadivpn.MainActivityKt.FadiVpnApp.<no name provided>.<init>' type=androidx.compose.runtime.MutableLongState origin=null
              DELEGATING_CONSTRUCTOR_CALL 'public constructor <init> (arity: kotlin.Int, $completion: kotlin.coroutines.Continuation<kotlin.Any?>?) declared in kotlin.coroutines.jvm.internal.SuspendLambda'
                arity: CONST Int type=kotlin.Int value=2
                $completion: GET_VAR '$completion: kotlin.coroutines.Continuation<com.fadixd.fadivpn.MainActivityKt.FadiVpnApp.<no name provided>>? declared in com.fadixd.fadivpn.MainActivityKt.FadiVpnApp.<no name provided>.<init>' type=kotlin.coroutines.Continuation<com.fadixd.fadivpn.MainActivityKt.FadiVpnApp.<no name provided>>? origin=null
              BLOCK type=kotlin.Unit origin=null
          FUN name:invokeSuspend visibility:public modality:FINAL <> ($this:com.fadixd.fadivpn.MainActivityKt.FadiVpnApp.<no name provided>, $result:kotlin.Result<kotlin.Any?>) returnType:kotlin.Any?
            overridden:
              protected abstract fun invokeSuspend ($result: kotlin.Result<kotlin.Any?>): kotlin.Any? declared in kotlin.coroutines.jvm.internal.SuspendLambda
            $this: VALUE_PARAMETER INSTANCE_RECEIVER name:<this> type:com.fadixd.fadivpn.MainActivityKt.FadiVpnApp.<no name provided>
            VALUE_PARAMETER name:$result index:0 type:kotlin.Result<kotlin.Any?>
            BLOCK_BODY
              WHEN type=kotlin.Unit origin=IF
                BRANCH
                  if: CALL 'public final fun access$FadiVpnApp$lambda$1 ($connected$delegate: androidx.compose.runtime.MutableState<kotlin.Boolean>): kotlin.Boolean declared in com.fadixd.fadivpn.MainActivityKt' type=kotlin.Boolean origin=GET_LOCAL_PROPERTY
                    $connected$delegate: GET_FIELD 'FIELD FIELD_FOR_CAPTURED_VALUE name:$connected$delegate type:androidx.compose.runtime.MutableState<kotlin.Boolean> visibility:public/*package*/ [final] declared in com.fadixd.fadivpn.MainActivityKt.FadiVpnApp.<no name provided>' type=androidx.compose.runtime.MutableState<kotlin.Boolean> origin=null
                      receiver: GET_VAR '<this>: com.fadixd.fadivpn.MainActivityKt.FadiVpnApp.<no name provided> declared in com.fadixd.fadivpn.MainActivityKt.FadiVpnApp.<no name provided>.invokeSuspend' type=com.fadixd.fadivpn.MainActivityKt.FadiVpnApp.<no name provided> origin=null
                  then: BLOCK type=kotlin.Unit origin=null
                    WHILE label=MainActivityKt$FadiVpnApp$<no name provided>$invokeSuspend1 origin=WHILE_LOOP
                      condition: CALL 'public final fun access$FadiVpnApp$lambda$1 ($connected$delegate: androidx.compose.runtime.MutableState<kotlin.Boolean>): kotlin.Boolean declared in com.fadixd.fadivpn.MainActivityKt' type=kotlin.Boolean origin=GET_LOCAL_PROPERTY
                        $connected$delegate: GET_FIELD 'FIELD FIELD_FOR_CAPTURED_VALUE name:$connected$delegate type:androidx.compose.runtime.MutableState<kotlin.Boolean> visibility:public/*package*/ [final] declared in com.fadixd.fadivpn.MainActivityKt.FadiVpnApp.<no name provided>' type=androidx.compose.runtime.MutableState<kotlin.Boolean> origin=null
                          receiver: GET_VAR '<this>: com.fadixd.fadivpn.MainActivityKt.FadiVpnApp.<no name provided> declared in com.fadixd.fadivpn.MainActivityKt.FadiVpnApp.<no name provided>.invokeSuspend' type=com.fadixd.fadivpn.MainActivityKt.FadiVpnApp.<no name provided> origin=null
                      body: BLOCK type=kotlin.Unit origin=null
                        CALL 'public final fun delay (timeMillis: kotlin.Long, $completion: kotlin.coroutines.Continuation<kotlin.Unit>): kotlin.Any? [suspend] declared in kotlinx.coroutines.DelayKt' type=kotlin.Unit origin=null
                          timeMillis: CONST Long type=kotlin.Long value=1000
                          $completion: GET_VAR '<this>: com.fadixd.fadivpn.MainActivityKt.FadiVpnApp.<no name provided> declared in com.fadixd.fadivpn.MainActivityKt.FadiVpnApp.<no name provided>.invokeSuspend' type=com.fadixd.fadivpn.MainActivityKt.FadiVpnApp.<no name provided> origin=null
                        COMPOSITE type=kotlin.Unit origin=null
                          BLOCK type=kotlin.Long origin=POSTFIX_INCR
                            VAR IR_TEMPORARY_VARIABLE name:<unary> type:kotlin.Long [val]
                              CALL 'public final fun access$FadiVpnApp$lambda$7 ($seconds$delegate: androidx.compose.runtime.MutableLongState): kotlin.Long declared in com.fadixd.fadivpn.MainActivityKt' type=kotlin.Long origin=GET_LOCAL_PROPERTY
                                $seconds$delegate: GET_FIELD 'FIELD FIELD_FOR_CAPTURED_VALUE name:$seconds$delegate type:androidx.compose.runtime.MutableLongState visibility:public/*package*/ [final] declared in com.fadixd.fadivpn.MainActivityKt.FadiVpnApp.<no name provided>' type=androidx.compose.runtime.MutableLongState origin=null
                                  receiver: GET_VAR '<this>: com.fadixd.fadivpn.MainActivityKt.FadiVpnApp.<no name provided> declared in com.fadixd.fadivpn.MainActivityKt.FadiVpnApp.<no name provided>.invokeSuspend' type=com.fadixd.fadivpn.MainActivityKt.FadiVpnApp.<no name provided> origin=null
                            CALL 'public final fun access$FadiVpnApp$lambda$8 ($seconds$delegate: androidx.compose.runtime.MutableLongState, <set-?>: kotlin.Long): kotlin.Unit declared in com.fadixd.fadivpn.MainActivityKt' type=kotlin.Unit origin=POSTFIX_INCR
                              $seconds$delegate: GET_FIELD 'FIELD FIELD_FOR_CAPTURED_VALUE name:$seconds$delegate type:androidx.compose.runtime.MutableLongState visibility:public/*package*/ [final] declared in com.fadixd.fadivpn.MainActivityKt.FadiVpnApp.<no name provided>' type=androidx.compose.runtime.MutableLongState origin=null
                                receiver: GET_VAR '<this>: com.fadixd.fadivpn.MainActivityKt.FadiVpnApp.<no name provided> declared in com.fadixd.fadivpn.MainActivityKt.FadiVpnApp.<no name provided>.invokeSuspend' type=com.fadixd.fadivpn.MainActivityKt.FadiVpnApp.<no name provided> origin=null
                              <set-?>: CALL 'public final fun inc (): kotlin.Long [operator] declared in kotlin.Long' type=kotlin.Long origin=POSTFIX_INCR
                                $this: GET_VAR 'val <unary>: kotlin.Long [val] declared in com.fadixd.fadivpn.MainActivityKt.FadiVpnApp.<no name provided>.invokeSuspend' type=kotlin.Long origin=null
                            GET_VAR 'val <unary>: kotlin.Long [val] declared in com.fadixd.fadivpn.MainActivityKt.FadiVpnApp.<no name provided>.invokeSuspend' type=kotlin.Long origin=null
                          COMPOSITE type=kotlin.Unit origin=null
                BRANCH
                  if: CONST Boolean type=kotlin.Boolean value=true
                  then: BLOCK type=kotlin.Unit origin=null
                    CALL 'public final fun access$FadiVpnApp$lambda$8 ($seconds$delegate: androidx.compose.runtime.MutableLongState, <set-?>: kotlin.Long): kotlin.Unit declared in com.fadixd.fadivpn.MainActivityKt' type=kotlin.Unit origin=EQ
                      $seconds$delegate: GET_FIELD 'FIELD FIELD_FOR_CAPTURED_VALUE name:$seconds$delegate type:androidx.compose.runtime.MutableLongState visibility:public/*package*/ [final] declared in com.fadixd.fadivpn.MainActivityKt.FadiVpnApp.<no name provided>' type=androidx.compose.runtime.MutableLongState origin=null
                        receiver: GET_VAR '<this>: com.fadixd.fadivpn.MainActivityKt.FadiVpnApp.<no name provided> declared in com.fadixd.fadivpn.MainActivityKt.FadiVpnApp.<no name provided>.invokeSuspend' type=com.fadixd.fadivpn.MainActivityKt.FadiVpnApp.<no name provided> origin=null
                      <set-?>: CONST Long type=kotlin.Long value=0
          FUN name:create visibility:public modality:FINAL <> ($this:com.fadixd.fadivpn.MainActivityKt.FadiVpnApp.<no name provided>, value:kotlin.Any?, $completion:kotlin.coroutines.Continuation<kotlin.Nothing>) returnType:kotlin.coroutines.Continuation<kotlin.Unit>
            overridden:
              public open fun create (value: kotlin.Any?, $completion: kotlin.coroutines.Continuation<kotlin.Nothing>): kotlin.coroutines.Continuation<kotlin.Unit> declared in kotlin.coroutines.jvm.internal.SuspendLambda
            $this: VALUE_PARAMETER INSTANCE_RECEIVER name:<this> type:com.fadixd.fadivpn.MainActivityKt.FadiVpnApp.<no name provided>
            VALUE_PARAMETER name:value index:0 type:kotlin.Any?
            VALUE_PARAMETER name:$completion index:1 type:kotlin.coroutines.Continuation<kotlin.Nothing>
            BLOCK_BODY
              RETURN type=kotlin.Nothing from='public final fun create (value: kotlin.Any?, $completion: kotlin.coroutines.Continuation<kotlin.Nothing>): kotlin.coroutines.Continuation<kotlin.Unit> declared in com.fadixd.fadivpn.MainActivityKt.FadiVpnApp.<no name provided>'
                CONSTRUCTOR_CALL 'public/*package*/ constructor <init> ($connected$delegate: androidx.compose.runtime.MutableState<kotlin.Boolean>, $seconds$delegate: androidx.compose.runtime.MutableLongState, $completion: kotlin.coroutines.Continuation<com.fadixd.fadivpn.MainActivityKt.FadiVpnApp.<no name provided>>?) [primary] declared in com.fadixd.fadivpn.MainActivityKt.FadiVpnApp.<no name provided>' type=com.fadixd.fadivpn.MainActivityKt.FadiVpnApp.<no name provided> origin=null
                  $connected$delegate: GET_FIELD 'FIELD FIELD_FOR_CAPTURED_VALUE name:$connected$delegate type:androidx.compose.runtime.MutableState<kotlin.Boolean> visibility:public/*package*/ [final] declared in com.fadixd.fadivpn.MainActivityKt.FadiVpnApp.<no name provided>' type=androidx.compose.runtime.MutableState<kotlin.Boolean> origin=null
                    receiver: GET_VAR '<this>: com.fadixd.fadivpn.MainActivityKt.FadiVpnApp.<no name provided> declared in com.fadixd.fadivpn.MainActivityKt.FadiVpnApp.<no name provided>.create' type=com.fadixd.fadivpn.MainActivityKt.FadiVpnApp.<no name provided> origin=null
                  $seconds$delegate: GET_FIELD 'FIELD FIELD_FOR_CAPTURED_VALUE name:$seconds$delegate type:androidx.compose.runtime.MutableLongState visibility:public/*package*/ [final] declared in com.fadixd.fadivpn.MainActivityKt.FadiVpnApp.<no name provided>' type=androidx.compose.runtime.MutableLongState origin=null
                    receiver: GET_VAR '<this>: com.fadixd.fadivpn.MainActivityKt.FadiVpnApp.<no name provided> declared in com.fadixd.fadivpn.MainActivityKt.FadiVpnApp.<no name provided>.create' type=com.fadixd.fadivpn.MainActivityKt.FadiVpnApp.<no name provided> origin=null
                  $completion: GET_VAR '$completion: kotlin.coroutines.Continuation<kotlin.Nothing> declared in com.fadixd.fadivpn.MainActivityKt.FadiVpnApp.<no name provided>.create' type=kotlin.coroutines.Continuation<kotlin.Nothing> origin=null
          FUN name:invoke visibility:public modality:FINAL <> ($this:com.fadixd.fadivpn.MainActivityKt.FadiVpnApp.<no name provided>, p1:kotlinx.coroutines.CoroutineScope, p2:kotlin.coroutines.Continuation<kotlin.Unit>?) returnType:kotlin.Any?
            overridden:
              public abstract fun invoke (p1: P1 of kotlin.jvm.functions.Function2, p2: P2 of kotlin.jvm.functions.Function2): R of kotlin.jvm.functions.Function2 declared in kotlin.jvm.functions.Function2
            $this: VALUE_PARAMETER INSTANCE_RECEIVER name:<this> type:com.fadixd.fadivpn.MainActivityKt.FadiVpnApp.<no name provided>
            VALUE_PARAMETER name:p1 index:0 type:kotlinx.coroutines.CoroutineScope
            VALUE_PARAMETER name:p2 index:1 type:kotlin.coroutines.Continuation<kotlin.Unit>?
            BLOCK_BODY
              RETURN type=kotlin.Nothing from='public final fun invoke (p1: kotlinx.coroutines.CoroutineScope, p2: kotlin.coroutines.Continuation<kotlin.Unit>?): kotlin.Any? declared in com.fadixd.fadivpn.MainActivityKt.FadiVpnApp.<no name provided>'
                CALL 'public final fun invokeSuspend ($result: kotlin.Result<kotlin.Any?>): kotlin.Any? declared in com.fadixd.fadivpn.MainActivityKt.FadiVpnApp.<no name provided>' type=kotlin.Any? origin=null
                  $this: TYPE_OP type=com.fadixd.fadivpn.MainActivityKt.FadiVpnApp.<no name provided> origin=IMPLICIT_CAST typeOperand=com.fadixd.fadivpn.MainActivityKt.FadiVpnApp.<no name provided>
                    CALL 'public final fun create (value: kotlin.Any?, $completion: kotlin.coroutines.Continuation<kotlin.Nothing>): kotlin.coroutines.Continuation<kotlin.Unit> declared in com.fadixd.fadivpn.MainActivityKt.FadiVpnApp.<no name provided>' type=kotlin.coroutines.Continuation<kotlin.Unit> origin=null
                      $this: GET_VAR '<this>: com.fadixd.fadivpn.MainActivityKt.FadiVpnApp.<no name provided> declared in com.fadixd.fadivpn.MainActivityKt.FadiVpnApp.<no name provided>.invoke' type=com.fadixd.fadivpn.MainActivityKt.FadiVpnApp.<no name provided> origin=null
                      value: GET_VAR 'p1: kotlinx.coroutines.CoroutineScope declared in com.fadixd.fadivpn.MainActivityKt.FadiVpnApp.<no name provided>.invoke' type=kotlinx.coroutines.CoroutineScope origin=null
                      $completion: GET_VAR 'p2: kotlin.coroutines.Continuation<kotlin.Unit>? declared in com.fadixd.fadivpn.MainActivityKt.FadiVpnApp.<no name provided>.invoke' type=kotlin.coroutines.Continuation<kotlin.Unit>? origin=null
                  $result: CALL 'public final fun <unsafe-coerce> <T, R> (v: T of kotlin.jvm.internal.<unsafe-coerce>): R of kotlin.jvm.internal.<unsafe-coerce> declared in kotlin.jvm.internal' type=kotlin.Result<kotlin.Any?> origin=null
                    <T>: kotlin.Any?
                    <R>: kotlin.Result<kotlin.Any?>
                    v: GET_FIELD 'FIELD FIELD_FOR_OBJECT_INSTANCE name:INSTANCE type:kotlin.Unit visibility:public [final,static] declared in kotlin.Unit' type=kotlin.Unit origin=null
          FIELD FIELD_FOR_CAPTURED_VALUE name:$connected$delegate type:androidx.compose.runtime.MutableState<kotlin.Boolean> visibility:public/*package*/ [final]
          FIELD FIELD_FOR_CAPTURED_VALUE name:$seconds$delegate type:androidx.compose.runtime.MutableLongState visibility:public/*package*/ [final]
          FUN BRIDGE name:invoke visibility:public modality:OPEN <> ($this:com.fadixd.fadivpn.MainActivityKt.FadiVpnApp.<no name provided>, p1:kotlin.Any?, p2:kotlin.Any?) returnType:kotlin.Any?
            $this: VALUE_PARAMETER INSTANCE_RECEIVER name:<this> type:com.fadixd.fadivpn.MainActivityKt.FadiVpnApp.<no name provided>
            VALUE_PARAMETER BRIDGE name:p1 index:0 type:kotlin.Any?
            VALUE_PARAMETER BRIDGE name:p2 index:1 type:kotlin.Any?
            EXPRESSION_BODY
              RETURN type=kotlin.Nothing from='public open fun invoke (p1: kotlin.Any?, p2: kotlin.Any?): kotlin.Any? declared in com.fadixd.fadivpn.MainActivityKt.FadiVpnApp.<no name provided>'
                CALL 'public final fun invoke (p1: kotlinx.coroutines.CoroutineScope, p2: kotlin.coroutines.Continuation<kotlin.Unit>?): kotlin.Any? declared in com.fadixd.fadivpn.MainActivityKt.FadiVpnApp.<no name provided>' type=kotlin.Any? origin=BRIDGE_DELEGATION
                  $this: GET_VAR '<this>: com.fadixd.fadivpn.MainActivityKt.FadiVpnApp.<no name provided> declared in com.fadixd.fadivpn.MainActivityKt.FadiVpnApp.<no name provided>.invoke' type=com.fadixd.fadivpn.MainActivityKt.FadiVpnApp.<no name provided> origin=null
                  p1: TYPE_OP type=kotlinx.coroutines.CoroutineScope origin=IMPLICIT_CAST typeOperand=kotlinx.coroutines.CoroutineScope
                    GET_VAR 'p1: kotlin.Any? declared in com.fadixd.fadivpn.MainActivityKt.FadiVpnApp.<no name provided>.invoke' type=kotlin.Any? origin=null
                  p2: TYPE_OP type=kotlin.coroutines.Continuation<*> origin=IMPLICIT_CAST typeOperand=kotlin.coroutines.Continuation<*>
                    GET_VAR 'p2: kotlin.Any? declared in com.fadixd.fadivpn.MainActivityKt.FadiVpnApp.<no name provided>.invoke' type=kotlin.Any? origin=null
        CONSTRUCTOR_CALL 'public/*package*/ constructor <init> ($connected$delegate: androidx.compose.runtime.MutableState<kotlin.Boolean>, $seconds$delegate: androidx.compose.runtime.MutableLongState, $completion: kotlin.coroutines.Continuation<com.fadixd.fadivpn.MainActivityKt.FadiVpnApp.<no name provided>>?) [primary] declared in com.fadixd.fadivpn.MainActivityKt.FadiVpnApp.<no name provided>' type=com.fadixd.fadivpn.MainActivityKt.FadiVpnApp.<no name provided> origin=null
          $connected$delegate: GET_VAR 'val connected$delegate: androidx.compose.runtime.MutableState<kotlin.Boolean> [val] declared in com.fadixd.fadivpn.MainActivityKt.FadiVpnApp' type=androidx.compose.runtime.MutableState<kotlin.Boolean> origin=null
          $seconds$delegate: GET_VAR 'val seconds$delegate: androidx.compose.runtime.MutableLongState [val] declared in com.fadixd.fadivpn.MainActivityKt.FadiVpnApp' type=androidx.compose.runtime.MutableLongState origin=null
          $completion: CONST Null type=kotlin.Nothing? value=null
    CALL 'public final fun MaterialTheme$default (colorScheme: androidx.compose.material3.ColorScheme?, shapes: androidx.compose.material3.Shapes?, typography: androidx.compose.material3.Typography?, content: @[Composable] kotlin.Function0<kotlin.Unit>, $mask0: kotlin.Int, $handler: kotlin.Any?): kotlin.Unit declared in androidx.compose.material3.MaterialThemeKt' type=kotlin.Unit origin=DEFAULT_DISPATCH_CALL
      colorScheme: BLOCK type=androidx.compose.material3.ColorScheme origin=ARGUMENTS_REORDERING_FOR_CALL
        VAR IR_TEMPORARY_VARIABLE name:tmp0_background type:androidx.compose.ui.graphics.Color [val]
          GET_FIELD 'FIELD PROPERTY_BACKING_FIELD name:Background type:androidx.compose.ui.graphics.Color visibility:private [final,static]' type=androidx.compose.ui.graphics.Color origin=null
        VAR IR_TEMPORARY_VARIABLE name:tmp1_surface type:androidx.compose.ui.graphics.Color [val]
          GET_FIELD 'FIELD PROPERTY_BACKING_FIELD name:Card type:androidx.compose.ui.graphics.Color visibility:private [final,static]' type=androidx.compose.ui.graphics.Color origin=null
        VAR IR_TEMPORARY_VARIABLE name:tmp2_primary type:androidx.compose.ui.graphics.Color [val]
          GET_FIELD 'FIELD PROPERTY_BACKING_FIELD name:Blue type:androidx.compose.ui.graphics.Color visibility:private [final,static]' type=androidx.compose.ui.graphics.Color origin=null
        CALL 'public final fun darkColorScheme-C-Xl9yA$default (primary: androidx.compose.ui.graphics.Color, onPrimary: androidx.compose.ui.graphics.Color, primaryContainer: androidx.compose.ui.graphics.Color, onPrimaryContainer: androidx.compose.ui.graphics.Color, inversePrimary: androidx.compose.ui.graphics.Color, secondary: androidx.compose.ui.graphics.Color, onSecondary: androidx.compose.ui.graphics.Color, secondaryContainer: androidx.compose.ui.graphics.Color, onSecondaryContainer: androidx.compose.ui.graphics.Color, tertiary: androidx.compose.ui.graphics.Color, onTertiary: androidx.compose.ui.graphics.Color, tertiaryContainer: androidx.compose.ui.graphics.Color, onTertiaryContainer: androidx.compose.ui.graphics.Color, background: androidx.compose.ui.graphics.Color, onBackground: androidx.compose.ui.graphics.Color, surface: androidx.compose.ui.graphics.Color, onSurface: androidx.compose.ui.graphics.Color, surfaceVariant: androidx.compose.ui.graphics.Color, onSurfaceVariant: androidx.compose.ui.graphics.Color, surfaceTint: androidx.compose.ui.graphics.Color, inverseSurface: androidx.compose.ui.graphics.Color, inverseOnSurface: androidx.compose.ui.graphics.Color, error: androidx.compose.ui.graphics.Color, onError: androidx.compose.ui.graphics.Color, errorContainer: androidx.compose.ui.graphics.Color, onErrorContainer: androidx.compose.ui.graphics.Color, outline: androidx.compose.ui.graphics.Color, outlineVariant: androidx.compose.ui.graphics.Color, scrim: androidx.compose.ui.graphics.Color, surfaceBright: androidx.compose.ui.graphics.Color, surfaceContainer: androidx.compose.ui.graphics.Color, surfaceContainerHigh: androidx.compose.ui.graphics.Color, surfaceContainerHighest: androidx.compose.ui.graphics.Color, surfaceContainerLow: androidx.compose.ui.graphics.Color, surfaceContainerLowest: androidx.compose.ui.graphics.Color, surfaceDim: androidx.compose.ui.graphics.Color, $mask0: kotlin.Int, $mask1: kotlin.Int, $handler: kotlin.Any?): androidx.compose.material3.ColorScheme declared in androidx.compose.material3.ColorSchemeKt' type=androidx.compose.material3.ColorScheme origin=DEFAULT_DISPATCH_CALL
          primary: GET_VAR 'val tmp2_primary: androidx.compose.ui.graphics.Color [val] declared in com.fadixd.fadivpn.MainActivityKt.FadiVpnApp' type=androidx.compose.ui.graphics.Color origin=null
          onPrimary: COMPOSITE type=androidx.compose.ui.graphics.Color origin=DEFAULT_VALUE
            CALL 'public final fun <unsafe-coerce> <T, R> (v: T of kotlin.jvm.internal.<unsafe-coerce>): R of kotlin.jvm.internal.<unsafe-coerce> declared in kotlin.jvm.internal' type=androidx.compose.ui.graphics.Color origin=null
              <T>: kotlin.Long
              <R>: androidx.compose.ui.graphics.Color
              v: CONST Long type=kotlin.Long value=0
          primaryContainer: COMPOSITE type=androidx.compose.ui.graphics.Color origin=DEFAULT_VALUE
            CALL 'public final fun <unsafe-coerce> <T, R> (v: T of kotlin.jvm.internal.<unsafe-coerce>): R of kotlin.jvm.internal.<unsafe-coerce> declared in kotlin.jvm.internal' type=androidx.compose.ui.graphics.Color origin=null
              <T>: kotlin.Long
              <R>: androidx.compose.ui.graphics.Color
              v: CONST Long type=kotlin.Long value=0
          onPrimaryContainer: COMPOSITE type=androidx.compose.ui.graphics.Color origin=DEFAULT_VALUE
            CALL 'public final fun <unsafe-coerce> <T, R> (v: T of kotlin.jvm.internal.<unsafe-coerce>): R of kotlin.jvm.internal.<unsafe-coerce> declared in kotlin.jvm.internal' type=androidx.compose.ui.graphics.Color origin=null
              <T>: kotlin.Long
              <R>: androidx.compose.ui.graphics.Color
              v: CONST Long type=kotlin.Long value=0
          inversePrimary: COMPOSITE type=androidx.compose.ui.graphics.Color origin=DEFAULT_VALUE
            CALL 'public final fun <unsafe-coerce> <T, R> (v: T of kotlin.jvm.internal.<unsafe-coerce>): R of kotlin.jvm.internal.<unsafe-coerce> declared in kotlin.jvm.internal' type=androidx.compose.ui.graphics.Color origin=null
              <T>: kotlin.Long
              <R>: androidx.compose.ui.graphics.Color
              v: CONST Long type=kotlin.Long value=0
          secondary: COMPOSITE type=androidx.compose.ui.graphics.Color origin=DEFAULT_VALUE
            CALL 'public final fun <unsafe-coerce> <T, R> (v: T of kotlin.jvm.internal.<unsafe-coerce>): R of kotlin.jvm.internal.<unsafe-coerce> declared in kotlin.jvm.internal' type=androidx.compose.ui.graphics.Color origin=null
              <T>: kotlin.Long
              <R>: androidx.compose.ui.graphics.Color
              v: CONST Long type=kotlin.Long value=0
          onSecondary: COMPOSITE type=androidx.compose.ui.graphics.Color origin=DEFAULT_VALUE
            CALL 'public final fun <unsafe-coerce> <T, R> (v: T of kotlin.jvm.internal.<unsafe-coerce>): R of kotlin.jvm.internal.<unsafe-coerce> declared in kotlin.jvm.internal' type=androidx.compose.ui.graphics.Color origin=null
              <T>: kotlin.Long
              <R>: androidx.compose.ui.graphics.Color
              v: CONST Long type=kotlin.Long value=0
          secondaryContainer: COMPOSITE type=androidx.compose.ui.graphics.Color origin=DEFAULT_VALUE
            CALL 'public final fun <unsafe-coerce> <T, R> (v: T of kotlin.jvm.internal.<unsafe-coerce>): R of kotlin.jvm.internal.<unsafe-coerce> declared in kotlin.jvm.internal' type=androidx.compose.ui.graphics.Color origin=null
              <T>: kotlin.Long
              <R>: androidx.compose.ui.graphics.Color
              v: CONST Long type=kotlin.Long value=0
          onSecondaryContainer: COMPOSITE type=androidx.compose.ui.graphics.Color origin=DEFAULT_VALUE
            CALL 'public final fun <unsafe-coerce> <T, R> (v: T of kotlin.jvm.internal.<unsafe-coerce>): R of kotlin.jvm.internal.<unsafe-coerce> declared in kotlin.jvm.internal' type=androidx.compose.ui.graphics.Color origin=null
              <T>: kotlin.Long
              <R>: androidx.compose.ui.graphics.Color
              v: CONST Long type=kotlin.Long value=0
          tertiary: COMPOSITE type=androidx.compose.ui.graphics.Color origin=DEFAULT_VALUE
            CALL 'public final fun <unsafe-coerce> <T, R> (v: T of kotlin.jvm.internal.<unsafe-coerce>): R of kotlin.jvm.internal.<unsafe-coerce> declared in kotlin.jvm.internal' type=androidx.compose.ui.graphics.Color origin=null
              <T>: kotlin.Long
              <R>: androidx.compose.ui.graphics.Color
              v: CONST Long type=kotlin.Long value=0
          onTertiary: COMPOSITE type=androidx.compose.ui.graphics.Color origin=DEFAULT_VALUE
            CALL 'public final fun <unsafe-coerce> <T, R> (v: T of kotlin.jvm.internal.<unsafe-coerce>): R of kotlin.jvm.internal.<unsafe-coerce> declared in kotlin.jvm.internal' type=androidx.compose.ui.graphics.Color origin=null
              <T>: kotlin.Long
              <R>: androidx.compose.ui.graphics.Color
              v: CONST Long type=kotlin.Long value=0
          tertiaryContainer: COMPOSITE type=androidx.compose.ui.graphics.Color origin=DEFAULT_VALUE
            CALL 'public final fun <unsafe-coerce> <T, R> (v: T of kotlin.jvm.internal.<unsafe-coerce>): R of kotlin.jvm.internal.<unsafe-coerce> declared in kotlin.jvm.internal' type=androidx.compose.ui.graphics.Color origin=null
              <T>: kotlin.Long
              <R>: androidx.compose.ui.graphics.Color
              v: CONST Long type=kotlin.Long value=0
          onTertiaryContainer: COMPOSITE type=androidx.compose.ui.graphics.Color origin=DEFAULT_VALUE
            CALL 'public final fun <unsafe-coerce> <T, R> (v: T of kotlin.jvm.internal.<unsafe-coerce>): R of kotlin.jvm.internal.<unsafe-coerce> declared in kotlin.jvm.internal' type=androidx.compose.ui.graphics.Color origin=null
              <T>: kotlin.Long
              <R>: androidx.compose.ui.graphics.Color
              v: CONST Long type=kotlin.Long value=0
          background: GET_VAR 'val tmp0_background: androidx.compose.ui.graphics.Color [val] declared in com.fadixd.fadivpn.MainActivityKt.FadiVpnApp' type=androidx.compose.ui.graphics.Color origin=null
          onBackground: COMPOSITE type=androidx.compose.ui.graphics.Color origin=DEFAULT_VALUE
            CALL 'public final fun <unsafe-coerce> <T, R> (v: T of kotlin.jvm.internal.<unsafe-coerce>): R of kotlin.jvm.internal.<unsafe-coerce> declared in kotlin.jvm.internal' type=androidx.compose.ui.graphics.Color origin=null
              <T>: kotlin.Long
              <R>: androidx.compose.ui.graphics.Color
              v: CONST Long type=kotlin.Long value=0
          surface: GET_VAR 'val tmp1_surface: androidx.compose.ui.graphics.Color [val] declared in com.fadixd.fadivpn.MainActivityKt.FadiVpnApp' type=androidx.compose.ui.graphics.Color origin=null
          onSurface: COMPOSITE type=androidx.compose.ui.graphics.Color origin=DEFAULT_VALUE
            CALL 'public final fun <unsafe-coerce> <T, R> (v: T of kotlin.jvm.internal.<unsafe-coerce>): R of kotlin.jvm.internal.<unsafe-coerce> declared in kotlin.jvm.internal' type=androidx.compose.ui.graphics.Color origin=null
              <T>: kotlin.Long
              <R>: androidx.compose.ui.graphics.Color
              v: CONST Long type=kotlin.Long value=0
          surfaceVariant: COMPOSITE type=androidx.compose.ui.graphics.Color origin=DEFAULT_VALUE
            CALL 'public final fun <unsafe-coerce> <T, R> (v: T of kotlin.jvm.internal.<unsafe-coerce>): R of kotlin.jvm.internal.<unsafe-coerce> declared in kotlin.jvm.internal' type=androidx.compose.ui.graphics.Color origin=null
              <T>: kotlin.Long
              <R>: androidx.compose.ui.graphics.Color
              v: CONST Long type=kotlin.Long value=0
          onSurfaceVariant: COMPOSITE type=androidx.compose.ui.graphics.Color origin=DEFAULT_VALUE
            CALL 'public final fun <unsafe-coerce> <T, R> (v: T of kotlin.jvm.internal.<unsafe-coerce>): R of kotlin.jvm.internal.<unsafe-coerce> declared in kotlin.jvm.internal' type=androidx.compose.ui.graphics.Color origin=null
              <T>: kotlin.Long
              <R>: androidx.compose.ui.graphics.Color
              v: CONST Long type=kotlin.Long value=0
          surfaceTint: COMPOSITE type=androidx.compose.ui.graphics.Color origin=DEFAULT_VALUE
            CALL 'public final fun <unsafe-coerce> <T, R> (v: T of kotlin.jvm.internal.<unsafe-coerce>): R of kotlin.jvm.internal.<unsafe-coerce> declared in kotlin.jvm.internal' type=androidx.compose.ui.graphics.Color origin=null
              <T>: kotlin.Long
              <R>: androidx.compose.ui.graphics.Color
              v: CONST Long type=kotlin.Long value=0
          inverseSurface: COMPOSITE type=androidx.compose.ui.graphics.Color origin=DEFAULT_VALUE
            CALL 'public final fun <unsafe-coerce> <T, R> (v: T of kotlin.jvm.internal.<unsafe-coerce>): R of kotlin.jvm.internal.<unsafe-coerce> declared in kotlin.jvm.internal' type=androidx.compose.ui.graphics.Color origin=null
              <T>: kotlin.Long
              <R>: androidx.compose.ui.graphics.Color
              v: CONST Long type=kotlin.Long value=0
          inverseOnSurface: COMPOSITE type=androidx.compose.ui.graphics.Color origin=DEFAULT_VALUE
            CALL 'public final fun <unsafe-coerce> <T, R> (v: T of kotlin.jvm.internal.<unsafe-coerce>): R of kotlin.jvm.internal.<unsafe-coerce> declared in kotlin.jvm.internal' type=androidx.compose.ui.graphics.Color origin=null
              <T>: kotlin.Long
              <R>: androidx.compose.ui.graphics.Color
              v: CONST Long type=kotlin.Long value=0
          error: COMPOSITE type=androidx.compose.ui.graphics.Color origin=DEFAULT_VALUE
            CALL 'public final fun <unsafe-coerce> <T, R> (v: T of kotlin.jvm.internal.<unsafe-coerce>): R of kotlin.jvm.internal.<unsafe-coerce> declared in kotlin.jvm.internal' type=androidx.compose.ui.graphics.Color origin=null
              <T>: kotlin.Long
              <R>: androidx.compose.ui.graphics.Color
              v: CONST Long type=kotlin.Long value=0
          onError: COMPOSITE type=androidx.compose.ui.graphics.Color origin=DEFAULT_VALUE
            CALL 'public final fun <unsafe-coerce> <T, R> (v: T of kotlin.jvm.internal.<unsafe-coerce>): R of kotlin.jvm.internal.<unsafe-coerce> declared in kotlin.jvm.internal' type=androidx.compose.ui.graphics.Color origin=null
              <T>: kotlin.Long
              <R>: androidx.compose.ui.graphics.Color
              v: CONST Long type=kotlin.Long value=0
          errorContainer: COMPOSITE type=androidx.compose.ui.graphics.Color origin=DEFAULT_VALUE
            CALL 'public final fun <unsafe-coerce> <T, R> (v: T of kotlin.jvm.internal.<unsafe-coerce>): R of kotlin.jvm.internal.<unsafe-coerce> declared in kotlin.jvm.internal' type=androidx.compose.ui.graphics.Color origin=null
              <T>: kotlin.Long
              <R>: androidx.compose.ui.graphics.Color
              v: CONST Long type=kotlin.Long value=0
          onErrorContainer: COMPOSITE type=androidx.compose.ui.graphics.Color origin=DEFAULT_VALUE
            CALL 'public final fun <unsafe-coerce> <T, R> (v: T of kotlin.jvm.internal.<unsafe-coerce>): R of kotlin.jvm.internal.<unsafe-coerce> declared in kotlin.jvm.internal' type=androidx.compose.ui.graphics.Color origin=null
              <T>: kotlin.Long
              <R>: androidx.compose.ui.graphics.Color
              v: CONST Long type=kotlin.Long value=0
          outline: COMPOSITE type=androidx.compose.ui.graphics.Color origin=DEFAULT_VALUE
            CALL 'public final fun <unsafe-coerce> <T, R> (v: T of kotlin.jvm.internal.<unsafe-coerce>): R of kotlin.jvm.internal.<unsafe-coerce> declared in kotlin.jvm.internal' type=androidx.compose.ui.graphics.Color origin=null
              <T>: kotlin.Long
              <R>: androidx.compose.ui.graphics.Color
              v: CONST Long type=kotlin.Long value=0
          outlineVariant: COMPOSITE type=androidx.compose.ui.graphics.Color origin=DEFAULT_VALUE
            CALL 'public final fun <unsafe-coerce> <T, R> (v: T of kotlin.jvm.internal.<unsafe-coerce>): R of kotlin.jvm.internal.<unsafe-coerce> declared in kotlin.jvm.internal' type=androidx.compose.ui.graphics.Color origin=null
              <T>: kotlin.Long
              <R>: androidx.compose.ui.graphics.Color
              v: CONST Long type=kotlin.Long value=0
          scrim: COMPOSITE type=androidx.compose.ui.graphics.Color origin=DEFAULT_VALUE
            CALL 'public final fun <unsafe-coerce> <T, R> (v: T of kotlin.jvm.internal.<unsafe-coerce>): R of kotlin.jvm.internal.<unsafe-coerce> declared in kotlin.jvm.internal' type=androidx.compose.ui.graphics.Color origin=null
              <T>: kotlin.Long
              <R>: androidx.compose.ui.graphics.Color
              v: CONST Long type=kotlin.Long value=0
          surfaceBright: COMPOSITE type=androidx.compose.ui.graphics.Color origin=DEFAULT_VALUE
            CALL 'public final fun <unsafe-coerce> <T, R> (v: T of kotlin.jvm.internal.<unsafe-coerce>): R of kotlin.jvm.internal.<unsafe-coerce> declared in kotlin.jvm.internal' type=androidx.compose.ui.graphics.Color origin=null
              <T>: kotlin.Long
              <R>: androidx.compose.ui.graphics.Color
              v: CONST Long type=kotlin.Long value=0
          surfaceContainer: COMPOSITE type=androidx.compose.ui.graphics.Color origin=DEFAULT_VALUE
            CALL 'public final fun <unsafe-coerce> <T, R> (v: T of kotlin.jvm.internal.<unsafe-coerce>): R of kotlin.jvm.internal.<unsafe-coerce> declared in kotlin.jvm.internal' type=androidx.compose.ui.graphics.Color origin=null
              <T>: kotlin.Long
              <R>: androidx.compose.ui.graphics.Color
              v: CONST Long type=kotlin.Long value=0
          surfaceContainerHigh: COMPOSITE type=androidx.compose.ui.graphics.Color origin=DEFAULT_VALUE
            CALL 'public final fun <unsafe-coerce> <T, R> (v: T of kotlin.jvm.internal.<unsafe-coerce>): R of kotlin.jvm.internal.<unsafe-coerce> declared in kotlin.jvm.internal' type=androidx.compose.ui.graphics.Color origin=null
              <T>: kotlin.Long
              <R>: androidx.compose.ui.graphics.Color
              v: CONST Long type=kotlin.Long value=0
          surfaceContainerHighest: COMPOSITE type=androidx.compose.ui.graphics.Color origin=DEFAULT_VALUE
            CALL 'public final fun <unsafe-coerce> <T, R> (v: T of kotlin.jvm.internal.<unsafe-coerce>): R of kotlin.jvm.internal.<unsafe-coerce> declared in kotlin.jvm.internal' type=androidx.compose.ui.graphics.Color origin=null
              <T>: kotlin.Long
              <R>: androidx.compose.ui.graphics.Color
              v: CONST Long type=kotlin.Long value=0
          surfaceContainerLow: COMPOSITE type=androidx.compose.ui.graphics.Color origin=DEFAULT_VALUE
            CALL 'public final fun <unsafe-coerce> <T, R> (v: T of kotlin.jvm.internal.<unsafe-coerce>): R of kotlin.jvm.internal.<unsafe-coerce> declared in kotlin.jvm.internal' type=androidx.compose.ui.graphics.Color origin=null
              <T>: kotlin.Long
              <R>: androidx.compose.ui.graphics.Color
              v: CONST Long type=kotlin.Long value=0
          surfaceContainerLowest: COMPOSITE type=androidx.compose.ui.graphics.Color origin=DEFAULT_VALUE
            CALL 'public final fun <unsafe-coerce> <T, R> (v: T of kotlin.jvm.internal.<unsafe-coerce>): R of kotlin.jvm.internal.<unsafe-coerce> declared in kotlin.jvm.internal' type=androidx.compose.ui.graphics.Color origin=null
              <T>: kotlin.Long
              <R>: androidx.compose.ui.graphics.Color
              v: CONST Long type=kotlin.Long value=0
          surfaceDim: COMPOSITE type=androidx.compose.ui.graphics.Color origin=DEFAULT_VALUE
            CALL 'public final fun <unsafe-coerce> <T, R> (v: T of kotlin.jvm.internal.<unsafe-coerce>): R of kotlin.jvm.internal.<unsafe-coerce> declared in kotlin.jvm.internal' type=androidx.compose.ui.graphics.Color origin=null
              <T>: kotlin.Long
              <R>: androidx.compose.ui.graphics.Color
              v: CONST Long type=kotlin.Long value=0
          $mask0: CONST Int type=kotlin.Int value=-40962
          $mask1: CONST Int type=kotlin.Int value=15
          $handler: CONST Null type=kotlin.Any? value=null
      shapes: COMPOSITE type=androidx.compose.material3.Shapes? origin=DEFAULT_VALUE
        CONST Null type=androidx.compose.material3.Shapes? value=null
      typography: COMPOSITE type=androidx.compose.material3.Typography? origin=DEFAULT_VALUE
        CONST Null type=androidx.compose.material3.Typography? value=null
      content: BLOCK type=kotlin.Function0<kotlin.Unit> origin=LAMBDA
        COMPOSITE type=kotlin.Unit origin=null
        CALL 'public final fun <jvm-indy> <T> (dynamicCall: T of kotlin.jvm.internal.<jvm-indy>, bootstrapMethodHandle: kotlin.Any, vararg bootstrapMethodArguments: kotlin.Any): T of kotlin.jvm.internal.<jvm-indy> declared in kotlin.jvm.internal' type=kotlin.Function0<kotlin.Unit> origin=null
          <T>: kotlin.Function0<kotlin.Unit>
          dynamicCall: CALL 'public final fun invoke (p0: androidx.compose.runtime.MutableState<kotlin.Boolean>, p1: androidx.compose.runtime.MutableState<kotlin.Boolean>, p2: androidx.compose.runtime.MutableLongState): kotlin.Function0<kotlin.Unit> declared in kotlin.jvm.internal.invokeDynamic' type=kotlin.Function0<kotlin.Unit> origin=null
            p0: GET_VAR 'val settings$delegate: androidx.compose.runtime.MutableState<kotlin.Boolean> [val] declared in com.fadixd.fadivpn.MainActivityKt.FadiVpnApp' type=androidx.compose.runtime.MutableState<kotlin.Boolean> origin=null
            p1: GET_VAR 'val connected$delegate: androidx.compose.runtime.MutableState<kotlin.Boolean> [val] declared in com.fadixd.fadivpn.MainActivityKt.FadiVpnApp' type=androidx.compose.runtime.MutableState<kotlin.Boolean> origin=null
            p2: GET_VAR 'val seconds$delegate: androidx.compose.runtime.MutableLongState [val] declared in com.fadixd.fadivpn.MainActivityKt.FadiVpnApp' type=androidx.compose.runtime.MutableLongState origin=null
          bootstrapMethodHandle: CALL 'public final fun <jvm-method-handle> (tag: kotlin.Int, owner: kotlin.String, name: kotlin.String, descriptor: kotlin.String, isInterface: kotlin.Boolean): kotlin.Any declared in kotlin.jvm.internal' type=kotlin.Any origin=null
            tag: CONST Int type=kotlin.Int value=6
            owner: CONST String type=kotlin.String value="java/lang/invoke/LambdaMetafactory"
            name: CONST String type=kotlin.String value="metafactory"
            descriptor: CONST String type=kotlin.String value="(Ljava/lang/invoke/MethodHandles$Lookup;Ljava/lang/String;Ljava/lang/invoke/MethodType;Ljava/lang/invoke/MethodType;Ljava/lang/invoke/MethodHandle;Ljava/lang/invoke/MethodType;)Ljava/lang/invoke/CallSite;"
            isInterface: CONST Boolean type=kotlin.Boolean value=false
          bootstrapMethodArguments: VARARG type=kotlin.Array<kotlin.Any> varargElementType=kotlin.Any
            CALL 'public final fun <jvm-original-method-type> (method: kotlin.Any): kotlin.Any declared in kotlin.jvm.internal' type=kotlin.Any origin=null
              method: RAW_FUNCTION_REFERENCE 'public abstract fun invoke (): R of kotlin.Function0 [operator] declared in kotlin.Function0' type=kotlin.Any
            RAW_FUNCTION_REFERENCE 'private final fun FadiVpnApp$lambda$12 ($settings$delegate: androidx.compose.runtime.MutableState<kotlin.Boolean>, $connected$delegate: androidx.compose.runtime.MutableState<kotlin.Boolean>, $seconds$delegate: androidx.compose.runtime.MutableLongState): kotlin.Unit? declared in com.fadixd.fadivpn.MainActivityKt' type=kotlin.Any
            CALL 'public final fun <jvm-original-method-type> (method: kotlin.Any): kotlin.Any declared in kotlin.jvm.internal' type=kotlin.Any origin=null
              method: RAW_FUNCTION_REFERENCE 'public abstract fun invoke (): kotlin.Unit? [fake_override,operator] declared in kotlin.jvm.internal.invokeDynamic.<fake>' type=kotlin.Any
      $mask0: CONST Int type=kotlin.Int value=6
      $handler: CONST Null type=kotlin.Any? value=null

	at org.jetbrains.kotlin.backend.jvm.codegen.FunctionCodegen.generate(FunctionCodegen.kt:47)
	at org.jetbrains.kotlin.backend.jvm.codegen.FunctionCodegen.generate$default(FunctionCodegen.kt:40)
	at org.jetbrains.kotlin.backend.jvm.codegen.ClassCodegen.generateMethodNode(ClassCodegen.kt:406)
	at org.jetbrains.kotlin.backend.jvm.codegen.ClassCodegen.generateMethod(ClassCodegen.kt:423)
	at org.jetbrains.kotlin.backend.jvm.codegen.ClassCodegen.generate(ClassCodegen.kt:168)
	at org.jetbrains.kotlin.backend.jvm.FileCodegen.lower(JvmPhases.kt:39)
	at org.jetbrains.kotlin.backend.common.phaser.PhaseFactoriesKt.createFilePhase$lambda$4(PhaseFactories.kt:71)
	at org.jetbrains.kotlin.backend.common.phaser.PhaseBuildersKt$createSimpleNamedCompilerPhase$1.phaseBody(PhaseBuilders.kt:69)
	at org.jetbrains.kotlin.backend.common.phaser.SimpleNamedCompilerPhase.phaseBody(CompilerPhase.kt:226)
	at org.jetbrains.kotlin.backend.common.phaser.AbstractNamedCompilerPhase.invoke(CompilerPhase.kt:113)
	at org.jetbrains.kotlin.backend.common.phaser.PerformByIrFilePhase.invokeSequential(performByIrFile.kt:62)
	... 43 more
Caused by: org.jetbrains.kotlin.codegen.CompilationException: Back-end (JVM) Internal error: Couldn't inline method call: CALL 'public final fun remember <T> (calculation: @[DisallowComposableCalls] kotlin.Function0<T of androidx.compose.runtime.ComposablesKt.remember>): T of androidx.compose.runtime.ComposablesKt.remember [inline] declared in androidx.compose.runtime.ComposablesKt' type=androidx.compose.runtime.MutableState<kotlin.Boolean> origin=null
Method: null
File is unknown
The root cause java.lang.IllegalStateException was thrown at: org.jetbrains.kotlin.codegen.inline.SourceCompilerForInlineKt.getMethodNode(SourceCompilerForInline.kt:118)
	at org.jetbrains.kotlin.codegen.inline.InlineCodegen.performInline(InlineCodegen.kt:65)
	at org.jetbrains.kotlin.backend.jvm.codegen.IrInlineCodegen.genInlineCall(IrInlineCodegen.kt:163)
	at org.jetbrains.kotlin.backend.jvm.codegen.IrInlineCallGenerator.genCall(IrInlineCallGenerator.kt:36)
	at org.jetbrains.kotlin.backend.jvm.codegen.ExpressionCodegen.visitCall(ExpressionCodegen.kt:653)
	at org.jetbrains.kotlin.backend.jvm.codegen.ExpressionCodegen.visitCall(ExpressionCodegen.kt:138)
	at org.jetbrains.kotlin.ir.expressions.IrCall.accept(IrCall.kt:24)
	at org.jetbrains.kotlin.backend.jvm.codegen.ExpressionCodegen.visitVariable(ExpressionCodegen.kt:790)
	at org.jetbrains.kotlin.backend.jvm.codegen.ExpressionCodegen.visitVariable(ExpressionCodegen.kt:138)
	at org.jetbrains.kotlin.ir.declarations.IrVariable.accept(IrVariable.kt:36)
	at org.jetbrains.kotlin.backend.jvm.codegen.ExpressionCodegen.visitStatementContainer(ExpressionCodegen.kt:579)
	at org.jetbrains.kotlin.backend.jvm.codegen.ExpressionCodegen.visitBlockBody(ExpressionCodegen.kt:584)
	at org.jetbrains.kotlin.backend.jvm.codegen.ExpressionCodegen.visitBlockBody(ExpressionCodegen.kt:138)
	at org.jetbrains.kotlin.ir.expressions.IrBlockBody.accept(IrBlockBody.kt:20)
	at org.jetbrains.kotlin.backend.jvm.codegen.ExpressionCodegen.generate(ExpressionCodegen.kt:240)
	at org.jetbrains.kotlin.backend.jvm.codegen.FunctionCodegen.doGenerate(FunctionCodegen.kt:123)
	at org.jetbrains.kotlin.backend.jvm.codegen.FunctionCodegen.generate(FunctionCodegen.kt:44)
	... 53 more
Caused by: java.lang.IllegalStateException: couldn't find inline method Landroidx/compose/runtime/ComposablesKt;.remember(Lkotlin/jvm/functions/Function0;)Ljava/lang/Object;
	at org.jetbrains.kotlin.codegen.inline.SourceCompilerForInlineKt.getMethodNode(SourceCompilerForInline.kt:118)
	at org.jetbrains.kotlin.codegen.inline.SourceCompilerForInlineKt.loadCompiledInlineFunction(SourceCompilerForInline.kt:96)
	at org.jetbrains.kotlin.backend.jvm.codegen.IrSourceCompilerForInline.compileInlineFunction(IrSourceCompilerForInline.kt:91)
	at org.jetbrains.kotlin.codegen.inline.InlineCodegen.compileInline(InlineCodegen.kt:43)
	at org.jetbrains.kotlin.codegen.inline.InlineCodegen.performInline(InlineCodegen.kt:51)
	... 68 more


